// Jest Snapshot v1, https://goo.gl/fbAQLP

exports[`AddUser renders a snapshot properly 1`] = `
<div>
  <form>
    <div
      className="form-group"
    >
      <input
        className="form-control input-lg"
        name="username"
        placeholder="Enter a username"
        required={true}
        type="text"
      />
    </div>
    <div>
      <input
        className="form-control input-lg"
        name="email"
        placeholder="Enter an email"
        required={true}
        type="text"
      />
    </div>
    <div>
      <input
        className="btn btn-primary btn-lg btn-block"
        type="submit"
        value="Submit"
      />
    </div>
  </form>
</div>
`;
